// Jest Snapshot v1, https://goo.gl/fbAQLP

exports[`Reserve component renders correctly 1`] = `
<div
  className="reservePage"
  id="reserve-page"
>
  <div
    className="container-fluid reservePage"
  >
    <img
      alt="Doctor"
      src="undefined"
      style={
        Object {
          "height": "100vh",
          "width": "100%",
        }
      }
    />
    <div
      className="centered"
    >
      <h1
        className="doc-name pb-2"
      >
        Dr undefined - undefined
      </h1>
      <p>
        Lorem, ipsum dolor sit amet consectetur adipisicing elit. Minus provident et expedita perferendis dolore perspiciatis odio. Dignissimos, in deleniti pariatur alias odit explicabo vitae libero provident est placeat consectetur hic?
      </p>
      <div
        className="d-flex gap-3 justify-content-center"
      >
        <div
          className="ant-picker css-dev-only-do-not-override-10ed4xt date-picker rounded-0"
          onClick={[Function]}
        >
          <div
            className="ant-picker-input"
          >
            <input
              autoComplete="off"
              disabled={false}
              onBlur={[Function]}
              onChange={[Function]}
              onFocus={[Function]}
              onKeyDown={[Function]}
              onMouseDown={[Function]}
              placeholder="Select date"
              readOnly={true}
              size={12}
              title=""
              value=""
            />
            <span
              className="ant-picker-suffix"
            >
              <span
                aria-label="calendar"
                className="anticon anticon-calendar"
                role="img"
              >
                <svg
                  aria-hidden="true"
                  data-icon="calendar"
                  fill="currentColor"
                  focusable="false"
                  height="1em"
                  viewBox="64 64 896 896"
                  width="1em"
                >
                  <path
                    d="M880 184H712v-64c0-4.4-3.6-8-8-8h-56c-4.4 0-8 3.6-8 8v64H384v-64c0-4.4-3.6-8-8-8h-56c-4.4 0-8 3.6-8 8v64H144c-17.7 0-32 14.3-32 32v664c0 17.7 14.3 32 32 32h736c17.7 0 32-14.3 32-32V216c0-17.7-14.3-32-32-32zm-40 656H184V460h656v380zM184 392V256h128v48c0 4.4 3.6 8 8 8h56c4.4 0 8-3.6 8-8v-48h256v48c0 4.4 3.6 8 8 8h56c4.4 0 8-3.6 8-8v-48h128v136H184z"
                  />
                </svg>
              </span>
            </span>
          </div>
        </div>
      </div>
      <div
        className="d-flex gap-3 justify-content-center mt-4"
      >
        <a
          className="btn btn-outline-light pb-0"
          href="/doctors/undefined"
          onClick={[Function]}
        >
          Go Back
        </a>
        <button
          className="btn btn-outline-light"
          onClick={[Function]}
          type="submit"
        >
          Book Now
        </button>
      </div>
    </div>
  </div>
</div>
`;
