// Jest Snapshot v1, https://goo.gl/fbAQLP

exports[`UpdateReservation component renders correctly 1`] = `
<div
  className="reservePage"
  id="reserve-page"
>
  <div
    className="container-fluid reservePage"
  >
    <img
      alt="Doctor"
      src="undefined"
      style={
        Object {
          "height": "100vh",
          "width": "100%",
        }
      }
    />
    <div
      className="centered"
    >
      <h1
        className="doc-name pb-2"
      >
        Dr undefined - undefined
      </h1>
      <p>
        Lorem, ipsum dolor sit amet consectetur adipisicing elit. Minus provident et expedita perferendis dolore perspiciatis odio. Dignissimos, in deleniti pariatur alias odit explicabo vitae libero provident est placeat consectetur hic?
      </p>
      <div
        className="d-flex gap-3 justify-content-center"
      >
        <select
          className="rounded-0"
          id="doctor-select"
          onChange={[Function]}
          style={
            Object {
              "width": "27%",
            }
          }
          value={null}
        />
        <div
          className="ant-picker css-dev-only-do-not-override-10ed4xt date-picker rounded-0"
          onClick={[Function]}
        >
          <div
            className="ant-picker-input"
          >
            <input
              autoComplete="off"
              disabled={false}
              onBlur={[Function]}
              onChange={[Function]}
              onFocus={[Function]}
              onKeyDown={[Function]}
              onMouseDown={[Function]}
              placeholder="Select date"
              readOnly={true}
              size={12}
              title=""
              value=""
            />
            <span
              className="ant-picker-suffix"
            >
              <span
                aria-label="calendar"
                className="anticon anticon-calendar"
                role="img"
              >
                <svg
                  aria-hidden="true"
                  data-icon="calendar"
                  fill="currentColor"
                  focusable="false"
                  height="1em"
                  viewBox="64 64 896 896"
                  width="1em"
                >
                  <path
                    d="M880 184H712v-64c0-4.4-3.6-8-8-8h-56c-4.4 0-8 3.6-8 8v64H384v-64c0-4.4-3.6-8-8-8h-56c-4.4 0-8 3.6-8 8v64H144c-17.7 0-32 14.3-32 32v664c0 17.7 14.3 32 32 32h736c17.7 0 32-14.3 32-32V216c0-17.7-14.3-32-32-32zm-40 656H184V460h656v380zM184 392V256h128v48c0 4.4 3.6 8 8 8h56c4.4 0 8-3.6 8-8v-48h256v48c0 4.4 3.6 8 8 8h56c4.4 0 8-3.6 8-8v-48h128v136H184z"
                  />
                </svg>
              </span>
            </span>
            <span
              className="ant-picker-clear"
              onMouseDown={[Function]}
              onMouseUp={[Function]}
              role="button"
            >
              <span
                aria-label="close-circle"
                className="anticon anticon-close-circle"
                role="img"
              >
                <svg
                  aria-hidden="true"
                  data-icon="close-circle"
                  fill="currentColor"
                  focusable="false"
                  height="1em"
                  viewBox="64 64 896 896"
                  width="1em"
                >
                  <path
                    d="M512 64C264.6 64 64 264.6 64 512s200.6 448 448 448 448-200.6 448-448S759.4 64 512 64zm165.4 618.2l-66-.3L512 563.4l-99.3 118.4-66.1.3c-4.4 0-8-3.5-8-8 0-1.9.7-3.7 1.9-5.2l130.1-155L340.5 359a8.32 8.32 0 01-1.9-5.2c0-4.4 3.6-8 8-8l66.1.3L512 464.6l99.3-118.4 66-.3c4.4 0 8 3.5 8 8 0 1.9-.7 3.7-1.9 5.2L553.5 514l130 155c1.2 1.5 1.9 3.3 1.9 5.2 0 4.4-3.6 8-8 8z"
                  />
                </svg>
              </span>
            </span>
          </div>
        </div>
      </div>
      <div
        className="d-flex gap-3 justify-content-center mt-4"
      >
        <a
          className="btn btn-outline-light pb-0"
          href="/reservations/null/null"
          onClick={[Function]}
        >
          Go Back
        </a>
        <button
          className="btn btn-outline-light"
          onClick={[Function]}
          type="submit"
        >
          Update
        </button>
      </div>
    </div>
  </div>
</div>
`;
